Running cxxtest tests (90 tests)...........................
In CallTests::test_CALL:
/home/anthony/programming/cpp/intel8080/tests/tests_intel8080.h:611: Error: Expected (cpu.pc == 0xbabe), found (0 != 47806)
/home/anthony/programming/cpp/intel8080/tests/tests_intel8080.h:614: Error: Expected (cpu.cycles == cyclesTmp + 17), found (0 != 17)
/home/anthony/programming/cpp/intel8080/tests/tests_intel8080.h:615: Error: Expected (cpu.sp == spTmp - 2), found (0 != -2)
/home/anthony/programming/cpp/intel8080/tests/tests_intel8080.h:618: Error: Expected (cpu.pc == 0xdead), found (0 != 57005)
/home/anthony/programming/cpp/intel8080/tests/tests_intel8080.h:619: Error: Expected (cpu.memory[cpu.sp] == 0xbe), found (0 != 190)
/home/anthony/programming/cpp/intel8080/tests/tests_intel8080.h:620: Error: Expected (cpu.memory[cpu.sp + 1] == 0xba), found (0 != 186)
/home/anthony/programming/cpp/intel8080/tests/tests_intel8080.h:621: Error: Expected (cpu.cycles == cyclesTmp + 34), found (0 != 34)
/home/anthony/programming/cpp/intel8080/tests/tests_intel8080.h:622: Error: Expected (cpu.sp == spTmp - 4), found (0 != -4)
/home/anthony/programming/cpp/intel8080/tests/tests_intel8080.h:625: Error: Expected (cpu.pc == 0xc0c0), found (0 != 49344)
/home/anthony/programming/cpp/intel8080/tests/tests_intel8080.h:626: Error: Expected (cpu.memory[cpu.sp] == 0xad), found (0 != 173)
/home/anthony/programming/cpp/intel8080/tests/tests_intel8080.h:627: Error: Expected (cpu.memory[cpu.sp + 1] == 0xde), found (0 != 222)
/home/anthony/programming/cpp/intel8080/tests/tests_intel8080.h:628: Error: Expected (cpu.cycles == cyclesTmp + 51), found (0 != 51)
/home/anthony/programming/cpp/intel8080/tests/tests_intel8080.h:629: Error: Expected (cpu.sp == spTmp - 6), found (0 != -6)
In CallTests::test_CC:
/home/anthony/programming/cpp/intel8080/tests/tests_intel8080.h:634: Error: Expected (cpu.cycles == cyclesTmp + 11), found (0 != 11)
/home/anthony/programming/cpp/intel8080/tests/tests_intel8080.h:640: Error: Expected (cpu.pc == 0xbabe), found (0 != 47806)
/home/anthony/programming/cpp/intel8080/tests/tests_intel8080.h:643: Error: Expected (cpu.cycles == cyclesTmp + 17), found (0 != 17)
/home/anthony/programming/cpp/intel8080/tests/tests_intel8080.h:644: Error: Expected (cpu.sp == spTmp - 2), found (0 != -2)
In CallTests::test_CNC:
/home/anthony/programming/cpp/intel8080/tests/tests_intel8080.h:651: Error: Expected (cpu.cycles == cyclesTmp + 11), found (0 != 11)
/home/anthony/programming/cpp/intel8080/tests/tests_intel8080.h:657: Error: Expected (cpu.pc == 0xbabe), found (0 != 47806)
/home/anthony/programming/cpp/intel8080/tests/tests_intel8080.h:660: Error: Expected (cpu.cycles == cyclesTmp + 17), found (0 != 17)
/home/anthony/programming/cpp/intel8080/tests/tests_intel8080.h:661: Error: Expected (cpu.sp == spTmp - 2), found (0 != -2)
In CallTests::test_CZ:
/home/anthony/programming/cpp/intel8080/tests/tests_intel8080.h:666: Error: Expected (cpu.cycles == cyclesTmp + 11), found (0 != 11)
/home/anthony/programming/cpp/intel8080/tests/tests_intel8080.h:671: Error: Expected (cpu.pc == 0xbabe), found (0 != 47806)
/home/anthony/programming/cpp/intel8080/tests/tests_intel8080.h:674: Error: Expected (cpu.cycles == cyclesTmp + 17), found (0 != 17)
/home/anthony/programming/cpp/intel8080/tests/tests_intel8080.h:675: Error: Expected (cpu.sp == spTmp - 2), found (0 != -2)
In CallTests::test_CNZ:
/home/anthony/programming/cpp/intel8080/tests/tests_intel8080.h:682: Error: Expected (cpu.cycles == cyclesTmp + 11), found (0 != 11)
/home/anthony/programming/cpp/intel8080/tests/tests_intel8080.h:688: Error: Expected (cpu.pc == 0xbabe), found (0 != 47806)
/home/anthony/programming/cpp/intel8080/tests/tests_intel8080.h:691: Error: Expected (cpu.cycles == cyclesTmp + 17), found (0 != 17)
/home/anthony/programming/cpp/intel8080/tests/tests_intel8080.h:692: Error: Expected (cpu.sp == spTmp - 2), found (0 != -2)
In CallTests::test_CP:
/home/anthony/programming/cpp/intel8080/tests/tests_intel8080.h:699: Error: Expected (cpu.cycles == cyclesTmp + 11), found (0 != 11)
/home/anthony/programming/cpp/intel8080/tests/tests_intel8080.h:705: Error: Expected (cpu.pc == 0xbabe), found (0 != 47806)
/home/anthony/programming/cpp/intel8080/tests/tests_intel8080.h:708: Error: Expected (cpu.cycles == cyclesTmp + 17), found (0 != 17)
/home/anthony/programming/cpp/intel8080/tests/tests_intel8080.h:709: Error: Expected (cpu.sp == spTmp - 2), found (0 != -2)
In CallTests::test_CM:
/home/anthony/programming/cpp/intel8080/tests/tests_intel8080.h:714: Error: Expected (cpu.cycles == cyclesTmp + 11), found (0 != 11)
/home/anthony/programming/cpp/intel8080/tests/tests_intel8080.h:720: Error: Expected (cpu.pc == 0xbabe), found (0 != 47806)
/home/anthony/programming/cpp/intel8080/tests/tests_intel8080.h:723: Error: Expected (cpu.cycles == cyclesTmp + 17), found (0 != 17)
/home/anthony/programming/cpp/intel8080/tests/tests_intel8080.h:724: Error: Expected (cpu.sp == spTmp - 2), found (0 != -2)
In CallTests::test_CPE:
/home/anthony/programming/cpp/intel8080/tests/tests_intel8080.h:729: Error: Expected (cpu.cycles == cyclesTmp + 11), found (0 != 11)
/home/anthony/programming/cpp/intel8080/tests/tests_intel8080.h:735: Error: Expected (cpu.pc == 0xbabe), found (0 != 47806)
/home/anthony/programming/cpp/intel8080/tests/tests_intel8080.h:738: Error: Expected (cpu.cycles == cyclesTmp + 17), found (0 != 17)
/home/anthony/programming/cpp/intel8080/tests/tests_intel8080.h:739: Error: Expected (cpu.sp == spTmp - 2), found (0 != -2)
In CallTests::test_CPO:
/home/anthony/programming/cpp/intel8080/tests/tests_intel8080.h:746: Error: Expected (cpu.cycles == cyclesTmp + 11), found (0 != 11)
/home/anthony/programming/cpp/intel8080/tests/tests_intel8080.h:752: Error: Expected (cpu.pc == 0xbabe), found (0 != 47806)
/home/anthony/programming/cpp/intel8080/tests/tests_intel8080.h:755: Error: Expected (cpu.cycles == cyclesTmp + 17), found (0 != 17)
/home/anthony/programming/cpp/intel8080/tests/tests_intel8080.h:756: Error: Expected (cpu.sp == spTmp - 2), found (0 != -2)
In ReturnTests::test_RET:
/home/anthony/programming/cpp/intel8080/tests/tests_intel8080.h:787: Error: Expected (cpu.sp == spTmp - 2), found (65532 != -2)
/home/anthony/programming/cpp/intel8080/tests/tests_intel8080.h:788: Error: Expected (cpu.pc == 0xdead), found (0 != 57005)
/home/anthony/programming/cpp/intel8080/tests/tests_intel8080.h:789: Error: Expected (cpu.cycles == cyclesTmp + 10), found (0 != 10)
/home/anthony/programming/cpp/intel8080/tests/tests_intel8080.h:792: Error: Expected (cpu.sp == spTmp), found (65532 != 0)
/home/anthony/programming/cpp/intel8080/tests/tests_intel8080.h:793: Error: Expected (cpu.pc == 0xbabe), found (0 != 47806)
/home/anthony/programming/cpp/intel8080/tests/tests_intel8080.h:794: Error: Expected (cpu.cycles == cyclesTmp + 20), found (0 != 20)
In ReturnTests::test_RC:
/home/anthony/programming/cpp/intel8080/tests/tests_intel8080.h:799: Error: Expected (cpu.sp == spTmp - 4), found (65532 != -4)
/home/anthony/programming/cpp/intel8080/tests/tests_intel8080.h:801: Error: Expected (cpu.cycles == cyclesTmp + 5), found (0 != 5)
/home/anthony/programming/cpp/intel8080/tests/tests_intel8080.h:805: Error: Expected (cpu.sp == spTmp - 2), found (65532 != -2)
/home/anthony/programming/cpp/intel8080/tests/tests_intel8080.h:806: Error: Expected (cpu.pc == 0xdead), found (0 != 57005)
/home/anthony/programming/cpp/intel8080/tests/tests_intel8080.h:807: Error: Expected (cpu.cycles == cyclesTmp + 16), found (0 != 16)
/home/anthony/programming/cpp/intel8080/tests/tests_intel8080.h:810: Error: Expected (cpu.sp == spTmp), found (65532 != 0)
/home/anthony/programming/cpp/intel8080/tests/tests_intel8080.h:811: Error: Expected (cpu.pc == 0xbabe), found (0 != 47806)
/home/anthony/programming/cpp/intel8080/tests/tests_intel8080.h:812: Error: Expected (cpu.cycles == cyclesTmp + 27), found (0 != 27)
In ReturnTests::test_RNC:
/home/anthony/programming/cpp/intel8080/tests/tests_intel8080.h:818: Error: Expected (cpu.sp == spTmp - 4), found (65532 != -4)
/home/anthony/programming/cpp/intel8080/tests/tests_intel8080.h:820: Error: Expected (cpu.cycles == cyclesTmp + 5), found (0 != 5)
/home/anthony/programming/cpp/intel8080/tests/tests_intel8080.h:824: Error: Expected (cpu.sp == spTmp - 2), found (65532 != -2)
/home/anthony/programming/cpp/intel8080/tests/tests_intel8080.h:825: Error: Expected (cpu.pc == 0xdead), found (0 != 57005)
/home/anthony/programming/cpp/intel8080/tests/tests_intel8080.h:826: Error: Expected (cpu.cycles == cyclesTmp + 16), found (0 != 16)
/home/anthony/programming/cpp/intel8080/tests/tests_intel8080.h:829: Error: Expected (cpu.sp == spTmp), found (65532 != 0)
/home/anthony/programming/cpp/intel8080/tests/tests_intel8080.h:830: Error: Expected (cpu.pc == 0xbabe), found (0 != 47806)
/home/anthony/programming/cpp/intel8080/tests/tests_intel8080.h:831: Error: Expected (cpu.cycles == cyclesTmp + 27), found (0 != 27)
In ReturnTests::test_RZ:
/home/anthony/programming/cpp/intel8080/tests/tests_intel8080.h:836: Error: Expected (cpu.sp == spTmp - 4), found (65532 != -4)
/home/anthony/programming/cpp/intel8080/tests/tests_intel8080.h:838: Error: Expected (cpu.cycles == cyclesTmp + 5), found (0 != 5)
/home/anthony/programming/cpp/intel8080/tests/tests_intel8080.h:842: Error: Expected (cpu.sp == spTmp - 2), found (65532 != -2)
/home/anthony/programming/cpp/intel8080/tests/tests_intel8080.h:843: Error: Expected (cpu.pc == 0xdead), found (0 != 57005)
/home/anthony/programming/cpp/intel8080/tests/tests_intel8080.h:844: Error: Expected (cpu.cycles == cyclesTmp + 16), found (0 != 16)
/home/anthony/programming/cpp/intel8080/tests/tests_intel8080.h:847: Error: Expected (cpu.sp == spTmp), found (65532 != 0)
/home/anthony/programming/cpp/intel8080/tests/tests_intel8080.h:848: Error: Expected (cpu.pc == 0xbabe), found (0 != 47806)
/home/anthony/programming/cpp/intel8080/tests/tests_intel8080.h:849: Error: Expected (cpu.cycles == cyclesTmp + 27), found (0 != 27)
In ReturnTests::test_RNZ:
/home/anthony/programming/cpp/intel8080/tests/tests_intel8080.h:855: Error: Expected (cpu.sp == spTmp - 4), found (65532 != -4)
/home/anthony/programming/cpp/intel8080/tests/tests_intel8080.h:857: Error: Expected (cpu.cycles == cyclesTmp + 5), found (0 != 5)
/home/anthony/programming/cpp/intel8080/tests/tests_intel8080.h:861: Error: Expected (cpu.sp == spTmp - 2), found (65532 != -2)
/home/anthony/programming/cpp/intel8080/tests/tests_intel8080.h:862: Error: Expected (cpu.pc == 0xdead), found (0 != 57005)
/home/anthony/programming/cpp/intel8080/tests/tests_intel8080.h:863: Error: Expected (cpu.cycles == cyclesTmp + 16), found (0 != 16)
/home/anthony/programming/cpp/intel8080/tests/tests_intel8080.h:866: Error: Expected (cpu.sp == spTmp), found (65532 != 0)
/home/anthony/programming/cpp/intel8080/tests/tests_intel8080.h:867: Error: Expected (cpu.pc == 0xbabe), found (0 != 47806)
/home/anthony/programming/cpp/intel8080/tests/tests_intel8080.h:868: Error: Expected (cpu.cycles == cyclesTmp + 27), found (0 != 27)
In ReturnTests::test_RP:
/home/anthony/programming/cpp/intel8080/tests/tests_intel8080.h:874: Error: Expected (cpu.sp == spTmp - 4), found (65532 != -4)
/home/anthony/programming/cpp/intel8080/tests/tests_intel8080.h:876: Error: Expected (cpu.cycles == cyclesTmp + 5), found (0 != 5)
/home/anthony/programming/cpp/intel8080/tests/tests_intel8080.h:880: Error: Expected (cpu.sp == spTmp - 2), found (65532 != -2)
/home/anthony/programming/cpp/intel8080/tests/tests_intel8080.h:881: Error: Expected (cpu.pc == 0xdead), found (0 != 57005)
/home/anthony/programming/cpp/intel8080/tests/tests_intel8080.h:882: Error: Expected (cpu.cycles == cyclesTmp + 16), found (0 != 16)
/home/anthony/programming/cpp/intel8080/tests/tests_intel8080.h:885: Error: Expected (cpu.sp == spTmp), found (65532 != 0)
/home/anthony/programming/cpp/intel8080/tests/tests_intel8080.h:886: Error: Expected (cpu.pc == 0xbabe), found (0 != 47806)
/home/anthony/programming/cpp/intel8080/tests/tests_intel8080.h:887: Error: Expected (cpu.cycles == cyclesTmp + 27), found (0 != 27)
In ReturnTests::test_RM:
/home/anthony/programming/cpp/intel8080/tests/tests_intel8080.h:892: Error: Expected (cpu.sp == spTmp - 4), found (65532 != -4)
/home/anthony/programming/cpp/intel8080/tests/tests_intel8080.h:894: Error: Expected (cpu.cycles == cyclesTmp + 5), found (0 != 5)
/home/anthony/programming/cpp/intel8080/tests/tests_intel8080.h:898: Error: Expected (cpu.sp == spTmp - 2), found (65532 != -2)
/home/anthony/programming/cpp/intel8080/tests/tests_intel8080.h:899: Error: Expected (cpu.pc == 0xdead), found (0 != 57005)
/home/anthony/programming/cpp/intel8080/tests/tests_intel8080.h:900: Error: Expected (cpu.cycles == cyclesTmp + 16), found (0 != 16)
/home/anthony/programming/cpp/intel8080/tests/tests_intel8080.h:903: Error: Expected (cpu.sp == spTmp), found (65532 != 0)
/home/anthony/programming/cpp/intel8080/tests/tests_intel8080.h:904: Error: Expected (cpu.pc == 0xbabe), found (0 != 47806)
/home/anthony/programming/cpp/intel8080/tests/tests_intel8080.h:905: Error: Expected (cpu.cycles == cyclesTmp + 27), found (0 != 27)
In ReturnTests::test_RPE:
/home/anthony/programming/cpp/intel8080/tests/tests_intel8080.h:910: Error: Expected (cpu.sp == spTmp - 4), found (65532 != -4)
/home/anthony/programming/cpp/intel8080/tests/tests_intel8080.h:912: Error: Expected (cpu.cycles == cyclesTmp + 5), found (0 != 5)
/home/anthony/programming/cpp/intel8080/tests/tests_intel8080.h:916: Error: Expected (cpu.sp == spTmp - 2), found (65532 != -2)
/home/anthony/programming/cpp/intel8080/tests/tests_intel8080.h:917: Error: Expected (cpu.pc == 0xdead), found (0 != 57005)
/home/anthony/programming/cpp/intel8080/tests/tests_intel8080.h:918: Error: Expected (cpu.cycles == cyclesTmp + 16), found (0 != 16)
/home/anthony/programming/cpp/intel8080/tests/tests_intel8080.h:921: Error: Expected (cpu.sp == spTmp), found (65532 != 0)
/home/anthony/programming/cpp/intel8080/tests/tests_intel8080.h:922: Error: Expected (cpu.pc == 0xbabe), found (0 != 47806)
/home/anthony/programming/cpp/intel8080/tests/tests_intel8080.h:923: Error: Expected (cpu.cycles == cyclesTmp + 27), found (0 != 27)
In ReturnTests::test_RPO:
/home/anthony/programming/cpp/intel8080/tests/tests_intel8080.h:929: Error: Expected (cpu.sp == spTmp - 4), found (65532 != -4)
/home/anthony/programming/cpp/intel8080/tests/tests_intel8080.h:931: Error: Expected (cpu.cycles == cyclesTmp + 5), found (0 != 5)
/home/anthony/programming/cpp/intel8080/tests/tests_intel8080.h:935: Error: Expected (cpu.sp == spTmp - 2), found (65532 != -2)
/home/anthony/programming/cpp/intel8080/tests/tests_intel8080.h:936: Error: Expected (cpu.pc == 0xdead), found (0 != 57005)
/home/anthony/programming/cpp/intel8080/tests/tests_intel8080.h:937: Error: Expected (cpu.cycles == cyclesTmp + 16), found (0 != 16)
/home/anthony/programming/cpp/intel8080/tests/tests_intel8080.h:940: Error: Expected (cpu.sp == spTmp), found (65532 != 0)
/home/anthony/programming/cpp/intel8080/tests/tests_intel8080.h:941: Error: Expected (cpu.pc == 0xbabe), found (0 != 47806)
/home/anthony/programming/cpp/intel8080/tests/tests_intel8080.h:942: Error: Expected (cpu.cycles == cyclesTmp + 27), found (0 != 27)
In IncrementDecrementTests::test_INR_r:
/home/anthony/programming/cpp/intel8080/tests/tests_intel8080.h:965: Error: Expected (cpu.reg[0] == 1), found (11 != 1)
/home/anthony/programming/cpp/intel8080/tests/tests_intel8080.h:966: Error: Expected (cpu.cycles == cyclesTmp + 5), found (0 != 5)
/home/anthony/programming/cpp/intel8080/tests/tests_intel8080.h:969: Error: Expected (cpu.reg[1] == 1), found (12 != 1)
/home/anthony/programming/cpp/intel8080/tests/tests_intel8080.h:970: Error: Expected (cpu.cycles == cyclesTmp + 10), found (0 != 10)
/home/anthony/programming/cpp/intel8080/tests/tests_intel8080.h:973: Error: Expected (cpu.reg[4] == 1), found (18 != 1)
/home/anthony/programming/cpp/intel8080/tests/tests_intel8080.h:974: Error: Expected (cpu.cycles == cyclesTmp + 15), found (0 != 15)
/home/anthony/programming/cpp/intel8080/tests/tests_intel8080.h:977: Error: Expected (cpu.reg[5] == 1), found (23 != 1)
/home/anthony/programming/cpp/intel8080/tests/tests_intel8080.h:978: Error: Expected (cpu.cycles == cyclesTmp + 20), found (0 != 20)
/home/anthony/programming/cpp/intel8080/tests/tests_intel8080.h:981: Error: Expected (cpu.reg[2] == 1), found (13 != 1)
/home/anthony/programming/cpp/intel8080/tests/tests_intel8080.h:982: Error: Expected (cpu.cycles == cyclesTmp + 25), found (0 != 25)
/home/anthony/programming/cpp/intel8080/tests/tests_intel8080.h:985: Error: Expected (cpu.reg[3] == 1), found (14 != 1)
/home/anthony/programming/cpp/intel8080/tests/tests_intel8080.h:986: Error: Expected (cpu.cycles == cyclesTmp + 30), found (0 != 30)
/home/anthony/programming/cpp/intel8080/tests/tests_intel8080.h:989: Error: Expected (cpu.reg[7] == 1), found (10 != 1)
/home/anthony/programming/cpp/intel8080/tests/tests_intel8080.h:990: Error: Expected (cpu.cycles == cyclesTmp + 35), found (0 != 35)
In IncrementDecrementTests::test_INR_m:
/home/anthony/programming/cpp/intel8080/tests/tests_intel8080.h:997: Error: Expected (cpu.memory[cpu.getHL()] == 1), found (0 != 1)
/home/anthony/programming/cpp/intel8080/tests/tests_intel8080.h:998: Error: Expected (cpu.cycles == cyclesTmp + 10), found (0 != 10)
/home/anthony/programming/cpp/intel8080/tests/tests_intel8080.h:1001: Error: Expected (cpu.memory[cpu.getHL()] == 2), found (0 != 2)
/home/anthony/programming/cpp/intel8080/tests/tests_intel8080.h:1002: Error: Expected (cpu.cycles == cyclesTmp + 20), found (0 != 20)
/home/anthony/programming/cpp/intel8080/tests/tests_intel8080.h:1007: Error: Expected (cpu.memory[cpu.getHL()] == 1), found (0 != 1)
/home/anthony/programming/cpp/intel8080/tests/tests_intel8080.h:1008: Error: Expected (cpu.cycles == cyclesTmp + 30), found (0 != 30)
/home/anthony/programming/cpp/intel8080/tests/tests_intel8080.h:1011: Error: Expected (cpu.memory[cpu.getHL()] == 2), found (0 != 2)
/home/anthony/programming/cpp/intel8080/tests/tests_intel8080.h:1012: Error: Expected (cpu.cycles == cyclesTmp + 40), found (0 != 40)
In IncrementDecrementTests::test_DCR_r:
/home/anthony/programming/cpp/intel8080/tests/tests_intel8080.h:1032: Error: Expected (cpu.reg[0] == 1), found (11 != 1)
/home/anthony/programming/cpp/intel8080/tests/tests_intel8080.h:1033: Error: Expected (cpu.cycles == cyclesTmp + 5), found (0 != 5)
/home/anthony/programming/cpp/intel8080/tests/tests_intel8080.h:1036: Error: Expected (cpu.reg[1] == 1), found (12 != 1)
/home/anthony/programming/cpp/intel8080/tests/tests_intel8080.h:1037: Error: Expected (cpu.cycles == cyclesTmp + 10), found (0 != 10)
/home/anthony/programming/cpp/intel8080/tests/tests_intel8080.h:1040: Error: Expected (cpu.reg[4] == 1), found (18 != 1)
/home/anthony/programming/cpp/intel8080/tests/tests_intel8080.h:1041: Error: Expected (cpu.cycles == cyclesTmp + 15), found (0 != 15)
/home/anthony/programming/cpp/intel8080/tests/tests_intel8080.h:1044: Error: Expected (cpu.reg[5] == 1), found (23 != 1)
/home/anthony/programming/cpp/intel8080/tests/tests_intel8080.h:1045: Error: Expected (cpu.cycles == cyclesTmp + 20), found (0 != 20)
/home/anthony/programming/cpp/intel8080/tests/tests_intel8080.h:1048: Error: Expected (cpu.reg[2] == 1), found (13 != 1)
/home/anthony/programming/cpp/intel8080/tests/tests_intel8080.h:1049: Error: Expected (cpu.cycles == cyclesTmp + 25), found (0 != 25)
/home/anthony/programming/cpp/intel8080/tests/tests_intel8080.h:1052: Error: Expected (cpu.reg[3] == 1), found (14 != 1)
/home/anthony/programming/cpp/intel8080/tests/tests_intel8080.h:1053: Error: Expected (cpu.cycles == cyclesTmp + 30), found (0 != 30)
/home/anthony/programming/cpp/intel8080/tests/tests_intel8080.h:1056: Error: Expected (cpu.reg[7] == 1), found (10 != 1)
/home/anthony/programming/cpp/intel8080/tests/tests_intel8080.h:1057: Error: Expected (cpu.cycles == cyclesTmp + 35), found (0 != 35)
In IncrementDecrementTests::test_DCR_m:
/home/anthony/programming/cpp/intel8080/tests/tests_intel8080.h:1065: Error: Expected (cpu.memory[cpu.getHL()] == 1), found (0 != 1)
/home/anthony/programming/cpp/intel8080/tests/tests_intel8080.h:1066: Error: Expected (cpu.cycles == cyclesTmp + 10), found (0 != 10)
/home/anthony/programming/cpp/intel8080/tests/tests_intel8080.h:1069: Error: Expected (cpu.cycles == cyclesTmp + 20), found (0 != 20)
/home/anthony/programming/cpp/intel8080/tests/tests_intel8080.h:1076: Error: Expected (cpu.memory[cpu.getHL()] == 1), found (0 != 1)
/home/anthony/programming/cpp/intel8080/tests/tests_intel8080.h:1077: Error: Expected (cpu.cycles == cyclesTmp + 30), found (0 != 30)
/home/anthony/programming/cpp/intel8080/tests/tests_intel8080.h:1081: Error: Expected (cpu.cycles == cyclesTmp + 40), found (0 != 40)
In IncrementDecrementTests::test_INX_r:
/home/anthony/programming/cpp/intel8080/tests/tests_intel8080.h:1086: Error: Expected (cpu.reg[0] == 0x0), found (11 != 0)
/home/anthony/programming/cpp/intel8080/tests/tests_intel8080.h:1087: Error: Expected (cpu.reg[1] == 0x1), found (12 != 1)
/home/anthony/programming/cpp/intel8080/tests/tests_intel8080.h:1088: Error: Expected (cpu.cycles == cyclesTmp + 5), found (0 != 5)
/home/anthony/programming/cpp/intel8080/tests/tests_intel8080.h:1090: Error: Expected (cpu.reg[2] == 0x0), found (13 != 0)
/home/anthony/programming/cpp/intel8080/tests/tests_intel8080.h:1091: Error: Expected (cpu.reg[3] == 0x1), found (14 != 1)
/home/anthony/programming/cpp/intel8080/tests/tests_intel8080.h:1092: Error: Expected (cpu.cycles == cyclesTmp + 10), found (0 != 10)
/home/anthony/programming/cpp/intel8080/tests/tests_intel8080.h:1094: Error: Expected (cpu.reg[4] == 0x0), found (18 != 0)
/home/anthony/programming/cpp/intel8080/tests/tests_intel8080.h:1095: Error: Expected (cpu.reg[5] == 0x1), found (23 != 1)
/home/anthony/programming/cpp/intel8080/tests/tests_intel8080.h:1096: Error: Expected (cpu.cycles == cyclesTmp + 15), found (0 != 15)
/home/anthony/programming/cpp/intel8080/tests/tests_intel8080.h:1106: Error: Expected (cpu.reg[0] == 0x01), found (11 != 1)
/home/anthony/programming/cpp/intel8080/tests/tests_intel8080.h:1107: Error: Expected (cpu.reg[1] == 0x00), found (255 != 0)
/home/anthony/programming/cpp/intel8080/tests/tests_intel8080.h:1108: Error: Expected (cpu.cycles == cyclesTmp + 20), found (0 != 20)
/home/anthony/programming/cpp/intel8080/tests/tests_intel8080.h:1110: Error: Expected (cpu.reg[2] == 0x33), found (50 != 51)
/home/anthony/programming/cpp/intel8080/tests/tests_intel8080.h:1111: Error: Expected (cpu.reg[3] == 0x00), found (255 != 0)
/home/anthony/programming/cpp/intel8080/tests/tests_intel8080.h:1112: Error: Expected (cpu.cycles == cyclesTmp + 25), found (0 != 25)
/home/anthony/programming/cpp/intel8080/tests/tests_intel8080.h:1114: Error: Expected (cpu.reg[4] == 0xbb), found (186 != 187)
/home/anthony/programming/cpp/intel8080/tests/tests_intel8080.h:1115: Error: Expected (cpu.reg[5] == 0x00), found (255 != 0)
/home/anthony/programming/cpp/intel8080/tests/tests_intel8080.h:1116: Error: Expected (cpu.cycles == cyclesTmp + 30), found (0 != 30)
In IncrementDecrementTests::test_DCX_r:
/home/anthony/programming/cpp/intel8080/tests/tests_intel8080.h:1125: Error: Expected (cpu.reg[0] == 0x0), found (11 != 0)
/home/anthony/programming/cpp/intel8080/tests/tests_intel8080.h:1126: Error: Expected (cpu.reg[1] == 0x0), found (1 != 0)
/home/anthony/programming/cpp/intel8080/tests/tests_intel8080.h:1127: Error: Expected (cpu.cycles == cyclesTmp + 5), found (0 != 5)
/home/anthony/programming/cpp/intel8080/tests/tests_intel8080.h:1129: Error: Expected (cpu.reg[2] == 0x0), found (13 != 0)
/home/anthony/programming/cpp/intel8080/tests/tests_intel8080.h:1130: Error: Expected (cpu.reg[3] == 0x0), found (1 != 0)
/home/anthony/programming/cpp/intel8080/tests/tests_intel8080.h:1131: Error: Expected (cpu.cycles == cyclesTmp + 10), found (0 != 10)
/home/anthony/programming/cpp/intel8080/tests/tests_intel8080.h:1133: Error: Expected (cpu.reg[4] == 0x0), found (18 != 0)
/home/anthony/programming/cpp/intel8080/tests/tests_intel8080.h:1134: Error: Expected (cpu.reg[5] == 0x0), found (1 != 0)
/home/anthony/programming/cpp/intel8080/tests/tests_intel8080.h:1135: Error: Expected (cpu.cycles == cyclesTmp + 15), found (0 != 15)
/home/anthony/programming/cpp/intel8080/tests/tests_intel8080.h:1146: Error: Expected (cpu.reg[0] == 0x00), found (255 != 0)
/home/anthony/programming/cpp/intel8080/tests/tests_intel8080.h:1147: Error: Expected (cpu.reg[1] == 0xff), found (0 != 255)
/home/anthony/programming/cpp/intel8080/tests/tests_intel8080.h:1148: Error: Expected (cpu.cycles == cyclesTmp + 20), found (0 != 20)
/home/anthony/programming/cpp/intel8080/tests/tests_intel8080.h:1150: Error: Expected (cpu.reg[2] == 0x32), found (51 != 50)
/home/anthony/programming/cpp/intel8080/tests/tests_intel8080.h:1151: Error: Expected (cpu.reg[3] == 0xff), found (0 != 255)
/home/anthony/programming/cpp/intel8080/tests/tests_intel8080.h:1152: Error: Expected (cpu.cycles == cyclesTmp + 25), found (0 != 25)
/home/anthony/programming/cpp/intel8080/tests/tests_intel8080.h:1154: Error: Expected (cpu.reg[4] == 0xba), found (187 != 186)
/home/anthony/programming/cpp/intel8080/tests/tests_intel8080.h:1155: Error: Expected (cpu.reg[5] == 0xff), found (0 != 255)
/home/anthony/programming/cpp/intel8080/tests/tests_intel8080.h:1156: Error: Expected (cpu.cycles == cyclesTmp + 30), found (0 != 30)
In AddTests::test_ADD:
/home/anthony/programming/cpp/intel8080/tests/tests_intel8080.h:1181: Error: Expected (cpu.reg[7] == 0x15), found (4 != 21)
/home/anthony/programming/cpp/intel8080/tests/tests_intel8080.h:1184: Error: Expected (cpu.getFlag(0x10) == 1), found (0 != 1)
/home/anthony/programming/cpp/intel8080/tests/tests_intel8080.h:1187: Error: Expected (cpu.cycles == cyclesTmp + 4), found (0 != 4)
/home/anthony/programming/cpp/intel8080/tests/tests_intel8080.h:1190: Error: Expected (cpu.reg[7] == 0x21), found (4 != 33)
/home/anthony/programming/cpp/intel8080/tests/tests_intel8080.h:1193: Error: Expected (cpu.getFlag(0x10) == 1), found (0 != 1)
/home/anthony/programming/cpp/intel8080/tests/tests_intel8080.h:1196: Error: Expected (cpu.cycles == cyclesTmp + 8), found (0 != 8)
/home/anthony/programming/cpp/intel8080/tests/tests_intel8080.h:1199: Error: Expected (cpu.reg[7] == 0x2e), found (4 != 46)
/home/anthony/programming/cpp/intel8080/tests/tests_intel8080.h:1202: Error: Expected (cpu.getFlag(0x10) == 1), found (0 != 1)
/home/anthony/programming/cpp/intel8080/tests/tests_intel8080.h:1203: Error: Expected (cpu.getFlag(0x04) == 1), found (0 != 1)
/home/anthony/programming/cpp/intel8080/tests/tests_intel8080.h:1205: Error: Expected (cpu.cycles == cyclesTmp + 12), found (0 != 12)
/home/anthony/programming/cpp/intel8080/tests/tests_intel8080.h:1208: Error: Expected (cpu.reg[7] == 0x3c), found (4 != 60)
/home/anthony/programming/cpp/intel8080/tests/tests_intel8080.h:1211: Error: Expected (cpu.getFlag(0x10) == 1), found (0 != 1)
/home/anthony/programming/cpp/intel8080/tests/tests_intel8080.h:1212: Error: Expected (cpu.getFlag(0x04) == 1), found (0 != 1)
/home/anthony/programming/cpp/intel8080/tests/tests_intel8080.h:1214: Error: Expected (cpu.cycles == cyclesTmp + 16), found (0 != 16)
/home/anthony/programming/cpp/intel8080/tests/tests_intel8080.h:1217: Error: Expected (cpu.reg[7] == 0x65), found (4 != 101)
/home/anthony/programming/cpp/intel8080/tests/tests_intel8080.h:1220: Error: Expected (cpu.getFlag(0x10) == 1), found (0 != 1)
/home/anthony/programming/cpp/intel8080/tests/tests_intel8080.h:1222: Error: Expected (cpu.getFlag(0x80) == 1), found (0 != 1)
/home/anthony/programming/cpp/intel8080/tests/tests_intel8080.h:1223: Error: Expected (cpu.cycles == cyclesTmp + 20), found (0 != 20)
/home/anthony/programming/cpp/intel8080/tests/tests_intel8080.h:1226: Error: Expected (cpu.reg[7] == 0xca), found (4 != 202)
/home/anthony/programming/cpp/intel8080/tests/tests_intel8080.h:1229: Error: Expected (cpu.getFlag(0x10) == 1), found (0 != 1)
/home/anthony/programming/cpp/intel8080/tests/tests_intel8080.h:1230: Error: Expected (cpu.getFlag(0x04) == 1), found (0 != 1)
/home/anthony/programming/cpp/intel8080/tests/tests_intel8080.h:1231: Error: Expected (cpu.getFlag(0x80) == 1), found (0 != 1)
/home/anthony/programming/cpp/intel8080/tests/tests_intel8080.h:1232: Error: Expected (cpu.cycles == cyclesTmp + 24), found (0 != 24)
/home/anthony/programming/cpp/intel8080/tests/tests_intel8080.h:1236: Error: Expected (cpu.reg[7] == 0x0), found (4 != 0)
/home/anthony/programming/cpp/intel8080/tests/tests_intel8080.h:1237: Error: Expected (cpu.getFlag(0x10) == 1), found (0 != 1)
/home/anthony/programming/cpp/intel8080/tests/tests_intel8080.h:1238: Error: Expected (cpu.getFlag(0x01) == 1), found (0 != 1)
/home/anthony/programming/cpp/intel8080/tests/tests_intel8080.h:1239: Error: Expected (cpu.getFlag(0x40) == 1), found (0 != 1)
/home/anthony/programming/cpp/intel8080/tests/tests_intel8080.h:1240: Error: Expected (cpu.getFlag(0x04) == 1), found (0 != 1)
/home/anthony/programming/cpp/intel8080/tests/tests_intel8080.h:1242: Error: Expected (cpu.cycles == cyclesTmp + 28), found (0 != 28)
/home/anthony/programming/cpp/intel8080/tests/tests_intel8080.h:1246: Error: Expected (cpu.reg[7] == 0x2), found (4 != 2)
/home/anthony/programming/cpp/intel8080/tests/tests_intel8080.h:1250: Error: Expected (cpu.getFlag(0x04) == 1), found (0 != 1)
/home/anthony/programming/cpp/intel8080/tests/tests_intel8080.h:1252: Error: Expected (cpu.cycles == cyclesTmp + 32), found (0 != 32)
/home/anthony/programming/cpp/intel8080/tests/tests_intel8080.h:1256: Error: Expected (cpu.reg[7] == 0xff), found (4 != 255)
/home/anthony/programming/cpp/intel8080/tests/tests_intel8080.h:1257: Error: Expected (cpu.getFlag(0x10) == 1), found (0 != 1)
/home/anthony/programming/cpp/intel8080/tests/tests_intel8080.h:1261: Error: Expected (cpu.getFlag(0x80) == 1), found (0 != 1)
/home/anthony/programming/cpp/intel8080/tests/tests_intel8080.h:1262: Error: Expected (cpu.cycles == cyclesTmp + 39), found (0 != 39)
/home/anthony/programming/cpp/intel8080/tests/tests_intel8080.h:1266: Error: Expected (cpu.reg[7] == 0x0), found (4 != 0)
/home/anthony/programming/cpp/intel8080/tests/tests_intel8080.h:1267: Error: Expected (cpu.getFlag(0x10) == 1), found (0 != 1)
/home/anthony/programming/cpp/intel8080/tests/tests_intel8080.h:1268: Error: Expected (cpu.getFlag(0x01) == 1), found (0 != 1)
/home/anthony/programming/cpp/intel8080/tests/tests_intel8080.h:1269: Error: Expected (cpu.getFlag(0x40) == 1), found (0 != 1)
/home/anthony/programming/cpp/intel8080/tests/tests_intel8080.h:1270: Error: Expected (cpu.getFlag(0x04) == 1), found (0 != 1)
/home/anthony/programming/cpp/intel8080/tests/tests_intel8080.h:1272: Error: Expected (cpu.cycles == cyclesTmp + 46), found (0 != 46)
In AddTests::test_ADC:
/home/anthony/programming/cpp/intel8080/tests/tests_intel8080.h:1278: Error: Expected (cpu.reg[7] == 0x15), found (4 != 21)
/home/anthony/programming/cpp/intel8080/tests/tests_intel8080.h:1281: Error: Expected (cpu.getFlag(0x10) == 1), found (0 != 1)
/home/anthony/programming/cpp/intel8080/tests/tests_intel8080.h:1284: Error: Expected (cpu.cycles == cyclesTmp + 4), found (0 != 4)
/home/anthony/programming/cpp/intel8080/tests/tests_intel8080.h:1288: Error: Expected (cpu.reg[7] == 0x1), found (4 != 1)
/home/anthony/programming/cpp/intel8080/tests/tests_intel8080.h:1290: Error: Expected (cpu.getFlag(0x01) == 1), found (0 != 1)
/home/anthony/programming/cpp/intel8080/tests/tests_intel8080.h:1291: Error: Expected (cpu.getFlag(0x10) == 1), found (0 != 1)
/home/anthony/programming/cpp/intel8080/tests/tests_intel8080.h:1294: Error: Expected (cpu.cycles == cyclesTmp + 8), found (0 != 8)
/home/anthony/programming/cpp/intel8080/tests/tests_intel8080.h:1297: Error: Expected (cpu.reg[7] == 0xf), found (4 != 15)
/home/anthony/programming/cpp/intel8080/tests/tests_intel8080.h:1301: Error: Expected (cpu.getFlag(0x04) == 1), found (0 != 1)
/home/anthony/programming/cpp/intel8080/tests/tests_intel8080.h:1303: Error: Expected (cpu.cycles == cyclesTmp + 12), found (0 != 12)
/home/anthony/programming/cpp/intel8080/tests/tests_intel8080.h:1307: Error: Expected (cpu.reg[7] == 0xff), found (4 != 255)
/home/anthony/programming/cpp/intel8080/tests/tests_intel8080.h:1308: Error: Expected (cpu.getFlag(0x10) == 1), found (0 != 1)
/home/anthony/programming/cpp/intel8080/tests/tests_intel8080.h:1312: Error: Expected (cpu.getFlag(0x80) == 1), found (0 != 1)
/home/anthony/programming/cpp/intel8080/tests/tests_intel8080.h:1313: Error: Expected (cpu.cycles == cyclesTmp + 19), found (0 != 19)
/home/anthony/programming/cpp/intel8080/tests/tests_intel8080.h:1317: Error: Expected (cpu.reg[7] == 0x0), found (4 != 0)
/home/anthony/programming/cpp/intel8080/tests/tests_intel8080.h:1318: Error: Expected (cpu.getFlag(0x10) == 1), found (0 != 1)
/home/anthony/programming/cpp/intel8080/tests/tests_intel8080.h:1319: Error: Expected (cpu.getFlag(0x01) == 1), found (0 != 1)
/home/anthony/programming/cpp/intel8080/tests/tests_intel8080.h:1320: Error: Expected (cpu.getFlag(0x40) == 1), found (0 != 1)
/home/anthony/programming/cpp/intel8080/tests/tests_intel8080.h:1321: Error: Expected (cpu.getFlag(0x04) == 1), found (0 != 1)
/home/anthony/programming/cpp/intel8080/tests/tests_intel8080.h:1323: Error: Expected (cpu.cycles == cyclesTmp + 26), found (0 != 26)
/home/anthony/programming/cpp/intel8080/tests/tests_intel8080.h:1327: Error: Expected (cpu.reg[7] == 0x2), found (4 != 2)
/home/anthony/programming/cpp/intel8080/tests/tests_intel8080.h:1333: Error: Expected (cpu.cycles == cyclesTmp + 33), found (0 != 33)
In AddTests::test_ADI:
/home/anthony/programming/cpp/intel8080/tests/tests_intel8080.h:1338: Error: Expected (cpu.reg[7] == 0xc4), found (10 != 196)
/home/anthony/programming/cpp/intel8080/tests/tests_intel8080.h:1339: Error: Expected (cpu.getFlag(0x10) == 1), found (0 != 1)
/home/anthony/programming/cpp/intel8080/tests/tests_intel8080.h:1342: Error: Expected (cpu.getFlag(0x04) == 1), found (0 != 1)
/home/anthony/programming/cpp/intel8080/tests/tests_intel8080.h:1343: Error: Expected (cpu.getFlag(0x80) == 1), found (0 != 1)
/home/anthony/programming/cpp/intel8080/tests/tests_intel8080.h:1344: Error: Expected (cpu.cycles == cyclesTmp + 7), found (0 != 7)
/home/anthony/programming/cpp/intel8080/tests/tests_intel8080.h:1347: Error: Expected (cpu.reg[7] == 0x82), found (10 != 130)
/home/anthony/programming/cpp/intel8080/tests/tests_intel8080.h:1348: Error: Expected (cpu.getFlag(0x10) == 1), found (0 != 1)
/home/anthony/programming/cpp/intel8080/tests/tests_intel8080.h:1349: Error: Expected (cpu.getFlag(0x01) == 1), found (0 != 1)
/home/anthony/programming/cpp/intel8080/tests/tests_intel8080.h:1351: Error: Expected (cpu.getFlag(0x04) == 1), found (0 != 1)
/home/anthony/programming/cpp/intel8080/tests/tests_intel8080.h:1352: Error: Expected (cpu.getFlag(0x80) == 1), found (0 != 1)
/home/anthony/programming/cpp/intel8080/tests/tests_intel8080.h:1353: Error: Expected (cpu.cycles == cyclesTmp + 14), found (0 != 14)
/home/anthony/programming/cpp/intel8080/tests/tests_intel8080.h:1356: Error: Expected (cpu.reg[7] == 0), found (10 != 0)
/home/anthony/programming/cpp/intel8080/tests/tests_intel8080.h:1357: Error: Expected (cpu.getFlag(0x10) == 1), found (0 != 1)
/home/anthony/programming/cpp/intel8080/tests/tests_intel8080.h:1358: Error: Expected (cpu.getFlag(0x01) == 1), found (0 != 1)
/home/anthony/programming/cpp/intel8080/tests/tests_intel8080.h:1359: Error: Expected (cpu.getFlag(0x40) == 1), found (0 != 1)
/home/anthony/programming/cpp/intel8080/tests/tests_intel8080.h:1360: Error: Expected (cpu.getFlag(0x04) == 1), found (0 != 1)
/home/anthony/programming/cpp/intel8080/tests/tests_intel8080.h:1362: Error: Expected (cpu.cycles == cyclesTmp + 21), found (0 != 21)
/home/anthony/programming/cpp/intel8080/tests/tests_intel8080.h:1365: Error: Expected (cpu.reg[7] == 0), found (10 != 0)
/home/anthony/programming/cpp/intel8080/tests/tests_intel8080.h:1368: Error: Expected (cpu.getFlag(0x40) == 1), found (0 != 1)
/home/anthony/programming/cpp/intel8080/tests/tests_intel8080.h:1369: Error: Expected (cpu.getFlag(0x04) == 1), found (0 != 1)
/home/anthony/programming/cpp/intel8080/tests/tests_intel8080.h:1371: Error: Expected (cpu.cycles == cyclesTmp + 28), found (0 != 28)
In AddTests::test_ACI:
/home/anthony/programming/cpp/intel8080/tests/tests_intel8080.h:1376: Error: Expected (cpu.reg[7] == 0xc4), found (10 != 196)
/home/anthony/programming/cpp/intel8080/tests/tests_intel8080.h:1377: Error: Expected (cpu.getFlag(0x10) == 1), found (0 != 1)
/home/anthony/programming/cpp/intel8080/tests/tests_intel8080.h:1380: Error: Expected (cpu.getFlag(0x04) == 1), found (0 != 1)
/home/anthony/programming/cpp/intel8080/tests/tests_intel8080.h:1381: Error: Expected (cpu.getFlag(0x80) == 1), found (0 != 1)
/home/anthony/programming/cpp/intel8080/tests/tests_intel8080.h:1382: Error: Expected (cpu.cycles == cyclesTmp + 7), found (0 != 7)
/home/anthony/programming/cpp/intel8080/tests/tests_intel8080.h:1385: Error: Expected (cpu.reg[7] == 0x82), found (10 != 130)
/home/anthony/programming/cpp/intel8080/tests/tests_intel8080.h:1386: Error: Expected (cpu.getFlag(0x10) == 1), found (0 != 1)
/home/anthony/programming/cpp/intel8080/tests/tests_intel8080.h:1387: Error: Expected (cpu.getFlag(0x01) == 1), found (0 != 1)
/home/anthony/programming/cpp/intel8080/tests/tests_intel8080.h:1389: Error: Expected (cpu.getFlag(0x04) == 1), found (0 != 1)
/home/anthony/programming/cpp/intel8080/tests/tests_intel8080.h:1390: Error: Expected (cpu.getFlag(0x80) == 1), found (0 != 1)
/home/anthony/programming/cpp/intel8080/tests/tests_intel8080.h:1391: Error: Expected (cpu.cycles == cyclesTmp + 14), found (0 != 14)
/home/anthony/programming/cpp/intel8080/tests/tests_intel8080.h:1394: Error: Expected (cpu.reg[7] == 0), found (10 != 0)
/home/anthony/programming/cpp/intel8080/tests/tests_intel8080.h:1395: Error: Expected (cpu.getFlag(0x10) == 1), found (0 != 1)
/home/anthony/programming/cpp/intel8080/tests/tests_intel8080.h:1396: Error: Expected (cpu.getFlag(0x01) == 1), found (0 != 1)
/home/anthony/programming/cpp/intel8080/tests/tests_intel8080.h:1397: Error: Expected (cpu.getFlag(0x40) == 1), found (0 != 1)
/home/anthony/programming/cpp/intel8080/tests/tests_intel8080.h:1398: Error: Expected (cpu.getFlag(0x04) == 1), found (0 != 1)
/home/anthony/programming/cpp/intel8080/tests/tests_intel8080.h:1400: Error: Expected (cpu.cycles == cyclesTmp + 21), found (0 != 21)
/home/anthony/programming/cpp/intel8080/tests/tests_intel8080.h:1403: Error: Expected (cpu.reg[7] == 0x1), found (10 != 1)
/home/anthony/programming/cpp/intel8080/tests/tests_intel8080.h:1409: Error: Expected (cpu.cycles == cyclesTmp + 28), found (0 != 28)
In AddTests::test_DAD:
/home/anthony/programming/cpp/intel8080/tests/tests_intel8080.h:1414: Error: Expected (cpu.reg[4] == 0x1d), found (18 != 29)
/home/anthony/programming/cpp/intel8080/tests/tests_intel8080.h:1415: Error: Expected (cpu.reg[5] == 0x23), found (23 != 35)
/home/anthony/programming/cpp/intel8080/tests/tests_intel8080.h:1417: Error: Expected (cpu.cycles == cyclesTmp + 10), found (0 != 10)
/home/anthony/programming/cpp/intel8080/tests/tests_intel8080.h:1420: Error: Expected (cpu.reg[4] == 0x2a), found (18 != 42)
/home/anthony/programming/cpp/intel8080/tests/tests_intel8080.h:1421: Error: Expected (cpu.reg[5] == 0x31), found (23 != 49)
/home/anthony/programming/cpp/intel8080/tests/tests_intel8080.h:1423: Error: Expected (cpu.cycles == cyclesTmp + 20), found (0 != 20)
/home/anthony/programming/cpp/intel8080/tests/tests_intel8080.h:1426: Error: Expected (cpu.reg[4] == 0x54), found (18 != 84)
/home/anthony/programming/cpp/intel8080/tests/tests_intel8080.h:1427: Error: Expected (cpu.reg[5] == 0x62), found (23 != 98)
/home/anthony/programming/cpp/intel8080/tests/tests_intel8080.h:1429: Error: Expected (cpu.cycles == cyclesTmp + 30), found (0 != 30)
/home/anthony/programming/cpp/intel8080/tests/tests_intel8080.h:1432: Error: Expected (cpu.reg[4] == 0xa8), found (18 != 168)
/home/anthony/programming/cpp/intel8080/tests/tests_intel8080.h:1433: Error: Expected (cpu.reg[5] == 0xc4), found (23 != 196)
/home/anthony/programming/cpp/intel8080/tests/tests_intel8080.h:1435: Error: Expected (cpu.cycles == cyclesTmp + 40), found (0 != 40)
/home/anthony/programming/cpp/intel8080/tests/tests_intel8080.h:1438: Error: Expected (cpu.reg[4] == 0x51), found (18 != 81)
/home/anthony/programming/cpp/intel8080/tests/tests_intel8080.h:1439: Error: Expected (cpu.reg[5] == 0x88), found (23 != 136)
/home/anthony/programming/cpp/intel8080/tests/tests_intel8080.h:1440: Error: Expected (cpu.getFlag(0x01) == 1), found (0 != 1)
/home/anthony/programming/cpp/intel8080/tests/tests_intel8080.h:1441: Error: Expected (cpu.cycles == cyclesTmp + 50), found (0 != 50)
/home/anthony/programming/cpp/intel8080/tests/tests_intel8080.h:1445: Error: Expected (cpu.reg[4] == 0x51), found (18 != 81)
/home/anthony/programming/cpp/intel8080/tests/tests_intel8080.h:1446: Error: Expected (cpu.reg[5] == 0x89), found (23 != 137)
/home/anthony/programming/cpp/intel8080/tests/tests_intel8080.h:1448: Error: Expected (cpu.cycles == cyclesTmp + 60), found (0 != 60)
In SubtractTests::test_SUB:
/home/anthony/programming/cpp/intel8080/tests/tests_intel8080.h:1472: Error: Expected (cpu.reg[7] == 0xff), found (10 != 255)
/home/anthony/programming/cpp/intel8080/tests/tests_intel8080.h:1473: Error: Expected (cpu.getFlag(0x10) == 1), found (0 != 1)
/home/anthony/programming/cpp/intel8080/tests/tests_intel8080.h:1474: Error: Expected (cpu.getFlag(0x01) == 1), found (0 != 1)
/home/anthony/programming/cpp/intel8080/tests/tests_intel8080.h:1477: Error: Expected (cpu.getFlag(0x80) == 1), found (0 != 1)
/home/anthony/programming/cpp/intel8080/tests/tests_intel8080.h:1478: Error: Expected (cpu.cycles == cyclesTmp + 4), found (0 != 4)
/home/anthony/programming/cpp/intel8080/tests/tests_intel8080.h:1481: Error: Expected (cpu.reg[7] == 0xf2), found (10 != 242)
/home/anthony/programming/cpp/intel8080/tests/tests_intel8080.h:1482: Error: Expected (cpu.getFlag(0x10) == 1), found (0 != 1)
/home/anthony/programming/cpp/intel8080/tests/tests_intel8080.h:1485: Error: Expected (cpu.getFlag(0x04) == 1), found (0 != 1)
/home/anthony/programming/cpp/intel8080/tests/tests_intel8080.h:1486: Error: Expected (cpu.getFlag(0x80) == 1), found (0 != 1)
/home/anthony/programming/cpp/intel8080/tests/tests_intel8080.h:1487: Error: Expected (cpu.cycles == cyclesTmp + 8), found (0 != 8)
/home/anthony/programming/cpp/intel8080/tests/tests_intel8080.h:1490: Error: Expected (cpu.reg[7] == 0xe0), found (10 != 224)
/home/anthony/programming/cpp/intel8080/tests/tests_intel8080.h:1491: Error: Expected (cpu.getFlag(0x10) == 1), found (0 != 1)
/home/anthony/programming/cpp/intel8080/tests/tests_intel8080.h:1494: Error: Expected (cpu.getFlag(0x04) == 1), found (0 != 1)
/home/anthony/programming/cpp/intel8080/tests/tests_intel8080.h:1495: Error: Expected (cpu.getFlag(0x80) == 1), found (0 != 1)
/home/anthony/programming/cpp/intel8080/tests/tests_intel8080.h:1496: Error: Expected (cpu.cycles == cyclesTmp + 12), found (0 != 12)
/home/anthony/programming/cpp/intel8080/tests/tests_intel8080.h:1500: Error: Expected (cpu.reg[7] == 0xf), found (10 != 15)
/home/anthony/programming/cpp/intel8080/tests/tests_intel8080.h:1506: Error: Expected (cpu.cycles == cyclesTmp + 19), found (0 != 19)
In SubtractTests::test_SBB:
/home/anthony/programming/cpp/intel8080/tests/tests_intel8080.h:1511: Error: Expected (cpu.reg[7] == 0xff), found (10 != 255)
/home/anthony/programming/cpp/intel8080/tests/tests_intel8080.h:1512: Error: Expected (cpu.getFlag(0x10) == 1), found (0 != 1)
/home/anthony/programming/cpp/intel8080/tests/tests_intel8080.h:1513: Error: Expected (cpu.getFlag(0x01) == 1), found (0 != 1)
/home/anthony/programming/cpp/intel8080/tests/tests_intel8080.h:1516: Error: Expected (cpu.getFlag(0x80) == 1), found (0 != 1)
/home/anthony/programming/cpp/intel8080/tests/tests_intel8080.h:1517: Error: Expected (cpu.cycles == cyclesTmp + 4), found (0 != 4)
/home/anthony/programming/cpp/intel8080/tests/tests_intel8080.h:1520: Error: Expected (cpu.reg[7] == 0xe7), found (10 != 231)
/home/anthony/programming/cpp/intel8080/tests/tests_intel8080.h:1521: Error: Expected (cpu.getFlag(0x10) == 1), found (0 != 1)
/home/anthony/programming/cpp/intel8080/tests/tests_intel8080.h:1525: Error: Expected (cpu.getFlag(0x80) == 1), found (0 != 1)
/home/anthony/programming/cpp/intel8080/tests/tests_intel8080.h:1526: Error: Expected (cpu.cycles == cyclesTmp + 8), found (0 != 8)
/home/anthony/programming/cpp/intel8080/tests/tests_intel8080.h:1530: Error: Expected (cpu.reg[7] == 0xf), found (10 != 15)
/home/anthony/programming/cpp/intel8080/tests/tests_intel8080.h:1536: Error: Expected (cpu.cycles == cyclesTmp + 15), found (0 != 15)
In SubtractTests::test_SUI:
/home/anthony/programming/cpp/intel8080/tests/tests_intel8080.h:1541: Error: Expected (cpu.reg[7] == 0xb0), found (10 != 176)
/home/anthony/programming/cpp/intel8080/tests/tests_intel8080.h:1542: Error: Expected (cpu.getFlag(0x10) == 1), found (0 != 1)
/home/anthony/programming/cpp/intel8080/tests/tests_intel8080.h:1543: Error: Expected (cpu.getFlag(0x01) == 1), found (0 != 1)
/home/anthony/programming/cpp/intel8080/tests/tests_intel8080.h:1545: Error: Expected (cpu.getFlag(0x04) == 1), found (0 != 1)
/home/anthony/programming/cpp/intel8080/tests/tests_intel8080.h:1546: Error: Expected (cpu.getFlag(0x80) == 1), found (0 != 1)
/home/anthony/programming/cpp/intel8080/tests/tests_intel8080.h:1547: Error: Expected (cpu.cycles == cyclesTmp + 4), found (0 != 4)
/home/anthony/programming/cpp/intel8080/tests/tests_intel8080.h:1550: Error: Expected (cpu.reg[7] == 0x6), found (10 != 6)
/home/anthony/programming/cpp/intel8080/tests/tests_intel8080.h:1554: Error: Expected (cpu.getFlag(0x04) == 1), found (0 != 1)
/home/anthony/programming/cpp/intel8080/tests/tests_intel8080.h:1556: Error: Expected (cpu.cycles == cyclesTmp + 8), found (0 != 8)
/home/anthony/programming/cpp/intel8080/tests/tests_intel8080.h:1559: Error: Expected (cpu.reg[7] == 0xff), found (10 != 255)
/home/anthony/programming/cpp/intel8080/tests/tests_intel8080.h:1561: Error: Expected (cpu.getFlag(0x01) == 1), found (0 != 1)
/home/anthony/programming/cpp/intel8080/tests/tests_intel8080.h:1563: Error: Expected (cpu.getFlag(0x04) == 1), found (0 != 1)
/home/anthony/programming/cpp/intel8080/tests/tests_intel8080.h:1564: Error: Expected (cpu.getFlag(0x80) == 1), found (0 != 1)
/home/anthony/programming/cpp/intel8080/tests/tests_intel8080.h:1565: Error: Expected (cpu.cycles == cyclesTmp + 12), found (0 != 12)
In SubtractTests::test_SBI:
/home/anthony/programming/cpp/intel8080/tests/tests_intel8080.h:1569: Error: Expected (cpu.reg[7] == 0xb0), found (10 != 176)
/home/anthony/programming/cpp/intel8080/tests/tests_intel8080.h:1570: Error: Expected (cpu.getFlag(0x10) == 1), found (0 != 1)
/home/anthony/programming/cpp/intel8080/tests/tests_intel8080.h:1571: Error: Expected (cpu.getFlag(0x01) == 1), found (0 != 1)
/home/anthony/programming/cpp/intel8080/tests/tests_intel8080.h:1573: Error: Expected (cpu.getFlag(0x04) == 1), found (0 != 1)
/home/anthony/programming/cpp/intel8080/tests/tests_intel8080.h:1574: Error: Expected (cpu.getFlag(0x80) == 1), found (0 != 1)
/home/anthony/programming/cpp/intel8080/tests/tests_intel8080.h:1575: Error: Expected (cpu.cycles == cyclesTmp + 4), found (0 != 4)
/home/anthony/programming/cpp/intel8080/tests/tests_intel8080.h:1578: Error: Expected (cpu.reg[7] == 0x6), found (10 != 6)
/home/anthony/programming/cpp/intel8080/tests/tests_intel8080.h:1582: Error: Expected (cpu.getFlag(0x04) == 1), found (0 != 1)
/home/anthony/programming/cpp/intel8080/tests/tests_intel8080.h:1584: Error: Expected (cpu.cycles == cyclesTmp + 8), found (0 != 8)
/home/anthony/programming/cpp/intel8080/tests/tests_intel8080.h:1587: Error: Expected (cpu.reg[7] == 0xff), found (10 != 255)
/home/anthony/programming/cpp/intel8080/tests/tests_intel8080.h:1588: Error: Expected (cpu.getFlag(0x10) == 1), found (0 != 1)
/home/anthony/programming/cpp/intel8080/tests/tests_intel8080.h:1589: Error: Expected (cpu.getFlag(0x01) == 1), found (0 != 1)
/home/anthony/programming/cpp/intel8080/tests/tests_intel8080.h:1591: Error: Expected (cpu.getFlag(0x04) == 1), found (0 != 1)
/home/anthony/programming/cpp/intel8080/tests/tests_intel8080.h:1592: Error: Expected (cpu.getFlag(0x80) == 1), found (0 != 1)
/home/anthony/programming/cpp/intel8080/tests/tests_intel8080.h:1593: Error: Expected (cpu.cycles == cyclesTmp + 12), found (0 != 12)
/home/anthony/programming/cpp/intel8080/tests/tests_intel8080.h:1596: Error: Expected (cpu.reg[7] == 0xfd), found (10 != 253)
/home/anthony/programming/cpp/intel8080/tests/tests_intel8080.h:1597: Error: Expected (cpu.getFlag(0x10) == 1), found (0 != 1)
/home/anthony/programming/cpp/intel8080/tests/tests_intel8080.h:1601: Error: Expected (cpu.getFlag(0x80) == 1), found (0 != 1)
/home/anthony/programming/cpp/intel8080/tests/tests_intel8080.h:1602: Error: Expected (cpu.cycles == cyclesTmp + 16), found (0 != 16)
In LogicalTests::test_ANA_R:
/home/anthony/programming/cpp/intel8080/tests/tests_intel8080.h:1624: Error: Assertion failed: false
In LogicalTests::test_ANA_M:
/home/anthony/programming/cpp/intel8080/tests/tests_intel8080.h:1627: Error: Assertion failed: false
In LogicalTests::test_XRA_R:
/home/anthony/programming/cpp/intel8080/tests/tests_intel8080.h:1630: Error: Assertion failed: false
In LogicalTests::test_XRA_M:
/home/anthony/programming/cpp/intel8080/tests/tests_intel8080.h:1633: Error: Assertion failed: false
In LogicalTests::test_ORA_R:
/home/anthony/programming/cpp/intel8080/tests/tests_intel8080.h:1636: Error: Assertion failed: false
In LogicalTests::test_ORA_M:
/home/anthony/programming/cpp/intel8080/tests/tests_intel8080.h:1639: Error: Assertion failed: false
In LogicalTests::test_CMP_R:
/home/anthony/programming/cpp/intel8080/tests/tests_intel8080.h:1642: Error: Assertion failed: false
In LogicalTests::test_CMP_M:
/home/anthony/programming/cpp/intel8080/tests/tests_intel8080.h:1645: Error: Assertion failed: false
In LogicalTests::test_ANI:
/home/anthony/programming/cpp/intel8080/tests/tests_intel8080.h:1648: Error: Assertion failed: false
In LogicalTests::test_XRI:
/home/anthony/programming/cpp/intel8080/tests/tests_intel8080.h:1651: Error: Assertion failed: false
In LogicalTests::test_ORI:
/home/anthony/programming/cpp/intel8080/tests/tests_intel8080.h:1654: Error: Assertion failed: false
In LogicalTests::test_CPI:
/home/anthony/programming/cpp/intel8080/tests/tests_intel8080.h:1657: Error: Assertion failed: false
In RotateTests::test_RLC:
/home/anthony/programming/cpp/intel8080/tests/tests_intel8080.h:1679: Error: Assertion failed: false
In RotateTests::test_RRC:
/home/anthony/programming/cpp/intel8080/tests/tests_intel8080.h:1682: Error: Assertion failed: false
In RotateTests::test_RAL:
/home/anthony/programming/cpp/intel8080/tests/tests_intel8080.h:1685: Error: Assertion failed: false
In RotateTests::test_RAR:
/home/anthony/programming/cpp/intel8080/tests/tests_intel8080.h:1688: Error: Assertion failed: false
In SpecialsTests::test_CMA:
/home/anthony/programming/cpp/intel8080/tests/tests_intel8080.h:1710: Error: Assertion failed: false
In SpecialsTests::test_STC:
/home/anthony/programming/cpp/intel8080/tests/tests_intel8080.h:1713: Error: Assertion failed: false
In SpecialsTests::test_CMC:
/home/anthony/programming/cpp/intel8080/tests/tests_intel8080.h:1716: Error: Assertion failed: false
In SpecialsTests::test_DAA:
/home/anthony/programming/cpp/intel8080/tests/tests_intel8080.h:1719: Error: Assertion failed: false
In InputOuputTests::test_IN:
/home/anthony/programming/cpp/intel8080/tests/tests_intel8080.h:1741: Error: Assertion failed: false
In InputOuputTests::test_OUT:
/home/anthony/programming/cpp/intel8080/tests/tests_intel8080.h:1744: Error: Assertion failed: false
In ControlTests::test_EI:
/home/anthony/programming/cpp/intel8080/tests/tests_intel8080.h:1767: Error: Assertion failed: false
In ControlTests::test_DI:
/home/anthony/programming/cpp/intel8080/tests/tests_intel8080.h:1770: Error: Assertion failed: false
In ControlTests::test_NOP:
/home/anthony/programming/cpp/intel8080/tests/tests_intel8080.h:1778: Error: Expected (cpu.reg[i] == 0), found (11 != 0)
/home/anthony/programming/cpp/intel8080/tests/tests_intel8080.h:1778: Error: Expected (cpu.reg[i] == 0), found (12 != 0)
/home/anthony/programming/cpp/intel8080/tests/tests_intel8080.h:1778: Error: Expected (cpu.reg[i] == 0), found (13 != 0)
/home/anthony/programming/cpp/intel8080/tests/tests_intel8080.h:1778: Error: Expected (cpu.reg[i] == 0), found (14 != 0)
/home/anthony/programming/cpp/intel8080/tests/tests_intel8080.h:1778: Error: Expected (cpu.reg[i] == 0), found (18 != 0)
/home/anthony/programming/cpp/intel8080/tests/tests_intel8080.h:1778: Error: Expected (cpu.reg[i] == 0), found (23 != 0)
/home/anthony/programming/cpp/intel8080/tests/tests_intel8080.h:1778: Error: Expected (cpu.reg[i] == 0), found (10 != 0)
/home/anthony/programming/cpp/intel8080/tests/tests_intel8080.h:1789: Error: Expected (cpu.reg[i] == 0), found (11 != 0)
/home/anthony/programming/cpp/intel8080/tests/tests_intel8080.h:1789: Error: Expected (cpu.reg[i] == 0), found (12 != 0)
/home/anthony/programming/cpp/intel8080/tests/tests_intel8080.h:1789: Error: Expected (cpu.reg[i] == 0), found (13 != 0)
/home/anthony/programming/cpp/intel8080/tests/tests_intel8080.h:1789: Error: Expected (cpu.reg[i] == 0), found (14 != 0)
/home/anthony/programming/cpp/intel8080/tests/tests_intel8080.h:1789: Error: Expected (cpu.reg[i] == 0), found (18 != 0)
/home/anthony/programming/cpp/intel8080/tests/tests_intel8080.h:1789: Error: Expected (cpu.reg[i] == 0), found (23 != 0)
/home/anthony/programming/cpp/intel8080/tests/tests_intel8080.h:1789: Error: Expected (cpu.reg[i] == 0), found (10 != 0)
In ControlTests::test_HLT:
/home/anthony/programming/cpp/intel8080/tests/tests_intel8080.h:1793: Error: Assertion failed: false
.Program size: 8192 bytes
..
In GeneralTests::test_decode:
/home/anthony/programming/cpp/intel8080/tests/tests_intel8080.h:1893: Error: Assertion failed: false
Failed 60 and Skipped 0 of 90 tests
Success rate: 33%
